Powitanie
kolejne
Jescze jedno
Radek
Kowalski